==10845== Memcheck, a memory error detector
==10845== Copyright (C) 2002-2022, and GNU GPL'd, by Julian Seward et al.
==10845== Using Valgrind-3.19.0 and LibVEX; rerun with -h for copyright info
==10845== Command: ./package-dependency-new
==10845== 
==10845== 
==10845== HEAP SUMMARY:
==10845==     in use at exit: 0 bytes in 0 blocks
==10845==   total heap usage: 5,188 allocs, 5,188 frees, 541,024 bytes allocated
==10845== 
==10845== All heap blocks were freed -- no leaks are possible
==10845== 
==10845== For lists of detected and suppressed errors, rerun with: -s
==10845== ERROR SUMMARY: 0 errors from 0 contexts (suppressed: 0 from 0)

==10846== Memcheck, a memory error detector
==10846== Copyright (C) 2002-2022, and GNU GPL'd, by Julian Seward et al.
==10846== Using Valgrind-3.19.0 and LibVEX; rerun with -h for copyright info
==10846== Command: ./package-install
==10846== 
==10846== 
==10846== HEAP SUMMARY:
==10846==     in use at exit: 3,237,205 bytes in 46,854 blocks
==10846==   total heap usage: 199,211 allocs, 152,357 frees, 36,421,594 bytes allocated
==10846== 
==10846== 5 bytes in 1 blocks are definitely lost in loss record 5 of 441
==10846==    at 0x48407B4: malloc (in /usr/libexec/valgrind/vgpreload_memcheck-amd64-linux.so)
==10846==    by 0x141026: strdup (strdup.c:24)
==10846==    by 0x121044: clib_package_install (clib-package.c:1394)
==10846==    by 0x11BC10: main (package-install.c:35)
==10846== 
==10846== 5 bytes in 1 blocks are definitely lost in loss record 6 of 441
==10846==    at 0x48407B4: malloc (in /usr/libexec/valgrind/vgpreload_memcheck-amd64-linux.so)
==10846==    by 0x141026: strdup (strdup.c:24)
==10846==    by 0x121044: clib_package_install (clib-package.c:1394)
==10846==    by 0x11BDB9: main (package-install.c:46)
==10846== 
==10846== 7 bytes in 1 blocks are definitely lost in loss record 7 of 441
==10846==    at 0x48407B4: malloc (in /usr/libexec/valgrind/vgpreload_memcheck-amd64-linux.so)
==10846==    by 0x141026: strdup (strdup.c:24)
==10846==    by 0x121044: clib_package_install (clib-package.c:1394)
==10846==    by 0x11DE64: install_packages (clib-package.c:374)
==10846==    by 0x121A84: clib_package_install_dependencies (clib-package.c:1626)
==10846==    by 0x12196F: clib_package_install (clib-package.c:1590)
==10846==    by 0x11BFB2: main (package-install.c:56)
==10846== 
==10846== 14 bytes in 2 blocks are definitely lost in loss record 21 of 441
==10846==    at 0x48407B4: malloc (in /usr/libexec/valgrind/vgpreload_memcheck-amd64-linux.so)
==10846==    by 0x141026: strdup (strdup.c:24)
==10846==    by 0x121044: clib_package_install (clib-package.c:1394)
==10846==    by 0x11DE64: install_packages (clib-package.c:374)
==10846==    by 0x121A84: clib_package_install_dependencies (clib-package.c:1626)
==10846==    by 0x12196F: clib_package_install (clib-package.c:1590)
==10846==    by 0x11C55B: main (package-install.c:84)
==10846== 
==10846== 14 bytes in 2 blocks are definitely lost in loss record 22 of 441
==10846==    at 0x48407B4: malloc (in /usr/libexec/valgrind/vgpreload_memcheck-amd64-linux.so)
==10846==    by 0x141026: strdup (strdup.c:24)
==10846==    by 0x121044: clib_package_install (clib-package.c:1394)
==10846==    by 0x11DE64: install_packages (clib-package.c:374)
==10846==    by 0x121A84: clib_package_install_dependencies (clib-package.c:1626)
==10846==    by 0x12196F: clib_package_install (clib-package.c:1590)
==10846==    by 0x11DE64: install_packages (clib-package.c:374)
==10846==    by 0x121A84: clib_package_install_dependencies (clib-package.c:1626)
==10846==    by 0x12196F: clib_package_install (clib-package.c:1590)
==10846==    by 0x11DE64: install_packages (clib-package.c:374)
==10846==    by 0x121A84: clib_package_install_dependencies (clib-package.c:1626)
==10846==    by 0x12196F: clib_package_install (clib-package.c:1590)
==10846== 
==10846== 57 bytes in 7 blocks are definitely lost in loss record 115 of 441
==10846==    at 0x48407B4: malloc (in /usr/libexec/valgrind/vgpreload_memcheck-amd64-linux.so)
==10846==    by 0x141026: strdup (strdup.c:24)
==10846==    by 0x121044: clib_package_install (clib-package.c:1394)
==10846==    by 0x11DE64: install_packages (clib-package.c:374)
==10846==    by 0x121A84: clib_package_install_dependencies (clib-package.c:1626)
==10846==    by 0x12196F: clib_package_install (clib-package.c:1590)
==10846==    by 0x11DE64: install_packages (clib-package.c:374)
==10846==    by 0x121A84: clib_package_install_dependencies (clib-package.c:1626)
==10846==    by 0x12196F: clib_package_install (clib-package.c:1590)
==10846==    by 0x11C55B: main (package-install.c:84)
==10846== 
==10846== 276 bytes in 69 blocks are definitely lost in loss record 258 of 441
==10846==    at 0x48407B4: malloc (in /usr/libexec/valgrind/vgpreload_memcheck-amd64-linux.so)
==10846==    by 0x11FD74: fetch_package_file_thread (clib-package.c:1010)
==10846==    by 0x49A1C03: start_thread (pthread_create.c:442)
==10846==    by 0x4A211BF: clone (clone.S:100)
==10846== 
==10846== LEAK SUMMARY:
==10846==    definitely lost: 378 bytes in 83 blocks
==10846==    indirectly lost: 0 bytes in 0 blocks
==10846==      possibly lost: 0 bytes in 0 blocks
==10846==    still reachable: 3,236,827 bytes in 46,771 blocks
==10846==         suppressed: 0 bytes in 0 blocks
==10846== Reachable blocks (those to which a pointer was found) are not shown.
==10846== To see them, rerun with: --leak-check=full --show-leak-kinds=all
==10846== 
==10846== For lists of detected and suppressed errors, rerun with: -s
==10846== ERROR SUMMARY: 7 errors from 7 contexts (suppressed: 0 from 0)
make: *** [Makefile:20: test] Ошибка 1
